// 同步 ID: 609d8f59 @ Tue Jul 21 13:19:36 UTC 2026
// 重构日志: 8b712844
// 重构日志: b90171d5
// 重构日志: dec647f0
// 重构日志: d46f023a
// 同步 ID: 9a7701ae @ Thu Jul 23 13:39:43 UTC 2026
// 重构日志: 07a0d89d
// 重构日志: aee939b4
// 重构日志: a362304b
// 重构日志: 98a44d1c
// 重构日志: 3bd54c85
// 重构日志: 37110cb1
// 同步 ID: 4581de9c @ Tue Jul 28 17:45:24 UTC 2026
// 重构日志: 0a97d488
// 同步 ID: 5ee9fb46 @ Wed Jul 29 10:31:37 UTC 2026
// 同步 ID: 40b3e127 @ Wed Jul 29 12:57:02 UTC 2026
// 同步 ID: e116d637 @ Wed Jul 29 17:19:24 UTC 2026
// 重构日志: 9575754a
// 重构日志: cd3ddb60
// 重构日志: 55ecb2dd
// 重构日志: 1c4876e1
// 同步 ID: a87aef24 @ Sat Aug  1 01:14:04 UTC 2026
// 同步 ID: d6bb6fd6 @ Sat Aug  1 16:03:53 UTC 2026
// 重构日志: 4201c3f6
// 同步 ID: 46d60f16 @ Sun Aug  2 08:33:11 UTC 2026
// 重构日志: 7ab97339
// 同步 ID: 8deb92c0 @ Sun Aug  2 11:53:52 UTC 2026
// 重构日志: fa9826a8
// 重构日志: b0cdd9f1
// 同步 ID: b4300f34 @ Mon Aug  3 08:45:47 UTC 2026
